;
; File list for [!output PROJECT_NAME] boot floppy
;

; Directories

/bin
/dev
/proc
/etc
/mnt
/usr
/tmp

; System files

/boot/os.dll      [!output SANOS_SDKPATH]\bin\os.dll [!output SANOS_SDKPATH]\dbg\bin\os.dll
/bin/sh.exe       [!output SANOS_SDKPATH]\bin\sh.exe [!output SANOS_SDKPATH]\dbg\bin\sh.exe

[!if NETWORK]
; Drivers

/bin/pcnet32.sys  [!output SANOS_SDKPATH]\bin\pcnet32.sys [!output SANOS_SDKPATH]\dbg\bin\pcnet32.sys
/bin/ne2000.sys   [!output SANOS_SDKPATH]\bin\ne2000.sys [!output SANOS_SDKPATH]\dbg\bin\ne2000.sys
/bin/3c905c.sys   [!output SANOS_SDKPATH]\bin\3c905c.sys [!output SANOS_SDKPATH]\dbg\bin\3c905c.sys
/bin/rtl8139.sys  [!output SANOS_SDKPATH]\bin\rtl8139.sys [!output SANOS_SDKPATH]\dbg\bin\rtl8139.sys
/bin/eepro100.sys [!output SANOS_SDKPATH]\bin\eepro100.sys [!output SANOS_SDKPATH]\dbg\bin\eepro100.sys
/bin/sis900.sys   [!output SANOS_SDKPATH]\bin\sis900.sys [!output SANOS_SDKPATH]\dbg\bin\sis900.sys
/bin/tulip.sys    [!output SANOS_SDKPATH]\bin\tulip.sys [!output SANOS_SDKPATH]\dbg\bin\tulip.sys
[!endif]

; Configuration files

[!if EXT_PROJ]
/boot/krnl.ini    build\krnl.ini
/etc/os.ini       build\os.ini
[!else]
/boot/krnl.ini    krnl.ini
/etc/os.ini       os.ini
[!endif]

; Application

[!if EXT_PROJ]
/bin/[!output PROJECT_NAME].exe       bin\[!output PROJECT_NAME].exe dbg\bin\[!output PROJECT_NAME].exe
[!else]
/bin/[!output PROJECT_NAME].exe       release\[!output PROJECT_NAME].exe debug\[!output PROJECT_NAME].exe
[!endif]
